<html>
<body>
<pre>
<h1>µVision Build Log</h1>
<h2>Tool Versions:</h2>
IDE-Version: ¦ÌVision V5.24.2.0
Copyright (C) 2017 ARM Ltd and ARM Germany GmbH. All rights reserved.
License Information: ding zhen, litang, LIC=WHYH9-4LDHU-455T5-GB849-BIKFP-H45Z3
 
Tool Versions:
Toolchain:       MDK-ARM Plus  Version: 5.24.1
Toolchain Path:  E:\keil5\ARM\ARMCC\Bin
C Compiler:      Armcc.exe V5.06 update 5 (build 528)
Assembler:       Armasm.exe V5.06 update 5 (build 528)
Linker/Locator:  ArmLink.exe V5.06 update 5 (build 528)
Library Manager: ArmAr.exe V5.06 update 5 (build 528)
Hex Converter:   FromElf.exe V5.06 update 5 (build 528)
CPU DLL:         SARMCM3.DLL V5.24.1
Dialog DLL:      DARMSTM.DLL V1.68.0.0
Target DLL:      UL2CM3.DLL V1.160.3.0
Dialog DLL:      TARMSTM.DLL V1.66.0.0
 
<h2>Project:</h2>
E:\PROJECT\32 RCT6\Grade2project\USER\Line-following Robot Car.uvprojx
Project File Date:  10/06/2023

<h2>Output:</h2>
*** Using Compiler 'V5.06 update 5 (build 528)', folder: 'E:\keil5\ARM\ARMCC\Bin'
Rebuild target 'LED'
assembling startup_stm32f10x_hd.s...
compiling delay.c...
compiling usart.c...
compiling stm32f10x_it.c...
compiling main.c...
..\HARDWARE\UART\UART.h(4): warning:  #1295-D: Deprecated declaration Serial_Init - give arg types
  void Serial_Init();
..\HARDWARE\PWM\PWM.h(4): warning:  #1295-D: Deprecated declaration PWM_Init - give arg types
  void PWM_Init();
main.c(41): warning:  #1-D: last line of file ends without a newline
  }
main.c: 3 warnings, 0 errors
compiling UART.c...
..\HARDWARE\UART\UART.c(48): warning:  #177-D: variable "RxState"  was declared but never referenced
  	static uint16_t RxState = 0;
..\HARDWARE\UART\UART.c: 1 warning, 0 errors
compiling PWM.c...
..\HARDWARE\PWM\PWM.c(59): warning:  #1-D: last line of file ends without a newline
  }
..\HARDWARE\PWM\PWM.c: 1 warning, 0 errors
compiling TB6612.c...
..\HARDWARE\PWM\PWM.h(4): warning:  #1295-D: Deprecated declaration PWM_Init - give arg types
  void PWM_Init();
..\HARDWARE\TB6612\TB6612.c: 1 warning, 0 errors
compiling system_stm32f10x.c...
compiling OLED.c...
compiling misc.c...
compiling PID.c...
..\HARDWARE\PID\PID.c(53): warning:  #1-D: last line of file ends without a newline
  }
..\HARDWARE\PID\PID.c: 1 warning, 0 errors
compiling core_cm3.c...
compiling sys.c...
compiling stm32f10x_tim.c...
compiling stm32f10x_usart.c...
compiling stm32f10x_rcc.c...
compiling stm32f10x_dbgmcu.c...
compiling stm32f10x_gpio.c...
linking...
Program Size: Code=4436 RO-data=1856 RW-data=60 ZI-data=1836  
FromELF: creating hex file...
"..\OBJ\Line-following Robot Car.axf" - 0 Error(s), 7 Warning(s).

<h2>Software Packages used:</h2>

Package Vendor: Keil
                http://www.keil.com/pack/Keil.STM32F1xx_DFP.2.2.0.pack
                Keil.STM32F1xx_DFP.2.2.0
                STMicroelectronics STM32F1 Series Device Support, Drivers and Examples

<h2>Collection of Component include folders:</h2>
  .\RTE\_LED
  E:\keil5\ARM\PACK\Keil\STM32F1xx_DFP\2.2.0\Device\Include

<h2>Collection of Component Files used:</h2>
Build Time Elapsed:  00:00:02
</pre>
</body>
</html>
